#0 building with "default" instance using docker driver

#1 [internal] load build definition from .clircel.Dockerfile
#1 transferring dockerfile: 157B done
#1 DONE 0.0s

#2 [internal] load metadata for docker.io/library/node:20-bookworm
#2 DONE 1.0s

#3 [internal] load .dockerignore
#3 transferring context: 2B done
#3 DONE 0.0s

#4 [internal] load build context
#4 transferring context: 33.79kB done
#4 DONE 0.0s

#5 [1/4] FROM docker.io/library/node:20-bookworm@sha256:a4545fc6f4f1483384ad5f4c71d34d71781c3779da407173ec6058079a718520
#5 resolve docker.io/library/node:20-bookworm@sha256:a4545fc6f4f1483384ad5f4c71d34d71781c3779da407173ec6058079a718520 0.0s done
#5 sha256:8513fb1b8753221b19fd3f8e37af10466b794170ac3c630530c0af13ebdda56b 2.49kB / 2.49kB done
#5 sha256:dd1c3ce3898e07d038bed022bcb90bb90f0b35d2b760b6a49500446607b9802a 6.75kB / 6.75kB done
#5 sha256:6cf051f1897bf7109af670b243c7791c62723fc1ebbfa516af2522da6c8c99a9 0B / 64.40MB 0.1s
#5 sha256:a4545fc6f4f1483384ad5f4c71d34d71781c3779da407173ec6058079a718520 6.41kB / 6.41kB done
#5 sha256:9d2f29087bcd6d99efd909a99095549425cd63e27c71b3bf37f108c6b7c370f9 0B / 48.49MB 0.1s
#5 sha256:26fa3468d221545a43d2151f3977695a31857f9342ba842627d03c9fa1b2ae02 0B / 24.04MB 0.1s
#5 sha256:6cf051f1897bf7109af670b243c7791c62723fc1ebbfa516af2522da6c8c99a9 2.10MB / 64.40MB 5.2s
#5 sha256:9d2f29087bcd6d99efd909a99095549425cd63e27c71b3bf37f108c6b7c370f9 1.05MB / 48.49MB 5.2s
#5 sha256:26fa3468d221545a43d2151f3977695a31857f9342ba842627d03c9fa1b2ae02 1.05MB / 24.04MB 5.2s
#5 sha256:6cf051f1897bf7109af670b243c7791c62723fc1ebbfa516af2522da6c8c99a9 6.29MB / 64.40MB 9.4s
#5 sha256:9d2f29087bcd6d99efd909a99095549425cd63e27c71b3bf37f108c6b7c370f9 2.10MB / 48.49MB 10.3s
#5 sha256:26fa3468d221545a43d2151f3977695a31857f9342ba842627d03c9fa1b2ae02 2.10MB / 24.04MB 10.3s
#5 sha256:6cf051f1897bf7109af670b243c7791c62723fc1ebbfa516af2522da6c8c99a9 10.49MB / 64.40MB 13.4s
#5 sha256:9d2f29087bcd6d99efd909a99095549425cd63e27c71b3bf37f108c6b7c370f9 2.10MB / 48.49MB 15.3s
#5 sha256:26fa3468d221545a43d2151f3977695a31857f9342ba842627d03c9fa1b2ae02 3.15MB / 24.04MB 15.3s
#5 sha256:6cf051f1897bf7109af670b243c7791c62723fc1ebbfa516af2522da6c8c99a9 13.63MB / 64.40MB 18.5s
#5 sha256:9d2f29087bcd6d99efd909a99095549425cd63e27c71b3bf37f108c6b7c370f9 4.19MB / 48.49MB 20.4s
#5 sha256:26fa3468d221545a43d2151f3977695a31857f9342ba842627d03c9fa1b2ae02 4.19MB / 24.04MB 20.4s
#5 sha256:6cf051f1897bf7109af670b243c7791c62723fc1ebbfa516af2522da6c8c99a9 15.73MB / 64.40MB 23.5s
#5 sha256:26fa3468d221545a43d2151f3977695a31857f9342ba842627d03c9fa1b2ae02 6.29MB / 24.04MB 23.7s
#5 sha256:9d2f29087bcd6d99efd909a99095549425cd63e27c71b3bf37f108c6b7c370f9 6.29MB / 48.49MB 25.6s
#5 sha256:6cf051f1897bf7109af670b243c7791c62723fc1ebbfa516af2522da6c8c99a9 17.83MB / 64.40MB 28.7s
#5 sha256:26fa3468d221545a43d2151f3977695a31857f9342ba842627d03c9fa1b2ae02 8.39MB / 24.04MB 28.9s
#5 sha256:9d2f29087bcd6d99efd909a99095549425cd63e27c71b3bf37f108c6b7c370f9 8.39MB / 48.49MB 30.6s
#5 sha256:6cf051f1897bf7109af670b243c7791c62723fc1ebbfa516af2522da6c8c99a9 20.97MB / 64.40MB 33.7s
#5 sha256:26fa3468d221545a43d2151f3977695a31857f9342ba842627d03c9fa1b2ae02 9.44MB / 24.04MB 34.0s
#5 sha256:9d2f29087bcd6d99efd909a99095549425cd63e27c71b3bf37f108c6b7c370f9 10.49MB / 48.49MB 35.7s
#5 sha256:26fa3468d221545a43d2151f3977695a31857f9342ba842627d03c9fa1b2ae02 11.53MB / 24.04MB 37.1s
#5 sha256:6cf051f1897bf7109af670b243c7791c62723fc1ebbfa516af2522da6c8c99a9 23.07MB / 64.40MB 38.7s
#5 sha256:9d2f29087bcd6d99efd909a99095549425cd63e27c71b3bf37f108c6b7c370f9 12.58MB / 48.49MB 40.8s
#5 sha256:26fa3468d221545a43d2151f3977695a31857f9342ba842627d03c9fa1b2ae02 13.63MB / 24.04MB 41.8s
#5 sha256:6cf051f1897bf7109af670b243c7791c62723fc1ebbfa516af2522da6c8c99a9 25.17MB / 64.40MB 43.8s
#5 sha256:9d2f29087bcd6d99efd909a99095549425cd63e27c71b3bf37f108c6b7c370f9 13.63MB / 48.49MB 45.8s
#5 sha256:26fa3468d221545a43d2151f3977695a31857f9342ba842627d03c9fa1b2ae02 15.73MB / 24.04MB 46.3s
#5 sha256:6cf051f1897bf7109af670b243c7791c62723fc1ebbfa516af2522da6c8c99a9 27.26MB / 64.40MB 48.9s
#5 sha256:9d2f29087bcd6d99efd909a99095549425cd63e27c71b3bf37f108c6b7c370f9 15.73MB / 48.49MB 50.9s
#5 sha256:26fa3468d221545a43d2151f3977695a31857f9342ba842627d03c9fa1b2ae02 17.83MB / 24.04MB 51.2s
#5 sha256:6cf051f1897bf7109af670b243c7791c62723fc1ebbfa516af2522da6c8c99a9 30.41MB / 64.40MB 54.0s
#5 sha256:9d2f29087bcd6d99efd909a99095549425cd63e27c71b3bf37f108c6b7c370f9 17.83MB / 48.49MB 56.0s
#5 sha256:26fa3468d221545a43d2151f3977695a31857f9342ba842627d03c9fa1b2ae02 18.87MB / 24.04MB 56.4s
#5 sha256:6cf051f1897bf7109af670b243c7791c62723fc1ebbfa516af2522da6c8c99a9 31.46MB / 64.40MB 59.1s
#5 sha256:26fa3468d221545a43d2151f3977695a31857f9342ba842627d03c9fa1b2ae02 20.97MB / 24.04MB 59.2s
#5 sha256:9d2f29087bcd6d99efd909a99095549425cd63e27c71b3bf37f108c6b7c370f9 20.97MB / 48.49MB 61.0s
#5 sha256:26fa3468d221545a43d2151f3977695a31857f9342ba842627d03c9fa1b2ae02 23.07MB / 24.04MB 64.0s
#5 sha256:6cf051f1897bf7109af670b243c7791c62723fc1ebbfa516af2522da6c8c99a9 33.55MB / 64.40MB 64.1s
#5 sha256:505954b662451663b30768d461d6881e47bb272f6bc64e4d297f5cf79b9000cb 0B / 211.53MB 66.0s
#5 sha256:9d2f29087bcd6d99efd909a99095549425cd63e27c71b3bf37f108c6b7c370f9 23.07MB / 48.49MB 66.2s
#5 sha256:26fa3468d221545a43d2151f3977695a31857f9342ba842627d03c9fa1b2ae02 24.04MB / 24.04MB 65.9s done
#5 sha256:6cf051f1897bf7109af670b243c7791c62723fc1ebbfa516af2522da6c8c99a9 36.70MB / 64.40MB 69.2s
#5 sha256:505954b662451663b30768d461d6881e47bb272f6bc64e4d297f5cf79b9000cb 1.05MB / 211.53MB 71.0s
#5 sha256:9d2f29087bcd6d99efd909a99095549425cd63e27c71b3bf37f108c6b7c370f9 25.17MB / 48.49MB 71.3s
#5 sha256:6cf051f1897bf7109af670b243c7791c62723fc1ebbfa516af2522da6c8c99a9 37.75MB / 64.40MB 74.3s
#5 sha256:505954b662451663b30768d461d6881e47bb272f6bc64e4d297f5cf79b9000cb 5.24MB / 211.53MB 76.0s
#5 sha256:9d2f29087bcd6d99efd909a99095549425cd63e27c71b3bf37f108c6b7c370f9 26.21MB / 48.49MB 76.4s
#5 sha256:6cf051f1897bf7109af670b243c7791c62723fc1ebbfa516af2522da6c8c99a9 38.80MB / 64.40MB 79.5s
#5 sha256:505954b662451663b30768d461d6881e47bb272f6bc64e4d297f5cf79b9000cb 8.39MB / 211.53MB 81.1s
#5 sha256:9d2f29087bcd6d99efd909a99095549425cd63e27c71b3bf37f108c6b7c370f9 27.26MB / 48.49MB 81.5s
#5 sha256:6cf051f1897bf7109af670b243c7791c62723fc1ebbfa516af2522da6c8c99a9 39.85MB / 64.40MB 84.7s
#5 sha256:505954b662451663b30768d461d6881e47bb272f6bc64e4d297f5cf79b9000cb 10.49MB / 211.53MB 86.2s
#5 sha256:9d2f29087bcd6d99efd909a99095549425cd63e27c71b3bf37f108c6b7c370f9 28.31MB / 48.49MB 86.6s
#5 sha256:6cf051f1897bf7109af670b243c7791c62723fc1ebbfa516af2522da6c8c99a9 41.94MB / 64.40MB 89.8s
#5 sha256:505954b662451663b30768d461d6881e47bb272f6bc64e4d297f5cf79b9000cb 12.58MB / 211.53MB 91.2s
#5 sha256:9d2f29087bcd6d99efd909a99095549425cd63e27c71b3bf37f108c6b7c370f9 30.41MB / 48.49MB 91.6s
#5 sha256:6cf051f1897bf7109af670b243c7791c62723fc1ebbfa516af2522da6c8c99a9 44.04MB / 64.40MB 94.9s
#5 sha256:505954b662451663b30768d461d6881e47bb272f6bc64e4d297f5cf79b9000cb 14.68MB / 211.53MB 96.2s
#5 sha256:9d2f29087bcd6d99efd909a99095549425cd63e27c71b3bf37f108c6b7c370f9 31.46MB / 48.49MB 96.8s
#5 sha256:6cf051f1897bf7109af670b243c7791c62723fc1ebbfa516af2522da6c8c99a9 46.14MB / 64.40MB 100.0s
#5 sha256:505954b662451663b30768d461d6881e47bb272f6bc64e4d297f5cf79b9000cb 16.78MB / 211.53MB 101.3s
#5 sha256:9d2f29087bcd6d99efd909a99095549425cd63e27c71b3bf37f108c6b7c370f9 33.55MB / 48.49MB 101.8s
#5 sha256:6cf051f1897bf7109af670b243c7791c62723fc1ebbfa516af2522da6c8c99a9 49.28MB / 64.40MB 105.1s
#5 sha256:505954b662451663b30768d461d6881e47bb272f6bc64e4d297f5cf79b9000cb 18.87MB / 211.53MB 106.3s
#5 sha256:9d2f29087bcd6d99efd909a99095549425cd63e27c71b3bf37f108c6b7c370f9 35.65MB / 48.49MB 107.0s
#5 sha256:6cf051f1897bf7109af670b243c7791c62723fc1ebbfa516af2522da6c8c99a9 51.38MB / 64.40MB 110.2s
#5 sha256:505954b662451663b30768d461d6881e47bb272f6bc64e4d297f5cf79b9000cb 20.97MB / 211.53MB 111.4s
#5 sha256:9d2f29087bcd6d99efd909a99095549425cd63e27c71b3bf37f108c6b7c370f9 37.75MB / 48.49MB 112.1s
#5 sha256:6cf051f1897bf7109af670b243c7791c62723fc1ebbfa516af2522da6c8c99a9 53.48MB / 64.40MB 115.3s
#5 sha256:505954b662451663b30768d461d6881e47bb272f6bc64e4d297f5cf79b9000cb 23.07MB / 211.53MB 116.5s
#5 sha256:9d2f29087bcd6d99efd909a99095549425cd63e27c71b3bf37f108c6b7c370f9 39.85MB / 48.49MB 117.4s
#5 sha256:6cf051f1897bf7109af670b243c7791c62723fc1ebbfa516af2522da6c8c99a9 56.62MB / 64.40MB 120.4s
#5 sha256:505954b662451663b30768d461d6881e47bb272f6bc64e4d297f5cf79b9000cb 25.17MB / 211.53MB 121.6s
#5 sha256:9d2f29087bcd6d99efd909a99095549425cd63e27c71b3bf37f108c6b7c370f9 41.94MB / 48.49MB 122.4s
#5 sha256:6cf051f1897bf7109af670b243c7791c62723fc1ebbfa516af2522da6c8c99a9 58.72MB / 64.40MB 125.5s
#5 sha256:505954b662451663b30768d461d6881e47bb272f6bc64e4d297f5cf79b9000cb 27.26MB / 211.53MB 126.6s
#5 sha256:9d2f29087bcd6d99efd909a99095549425cd63e27c71b3bf37f108c6b7c370f9 42.99MB / 48.49MB 127.5s
#5 sha256:6cf051f1897bf7109af670b243c7791c62723fc1ebbfa516af2522da6c8c99a9 60.82MB / 64.40MB 130.6s
#5 sha256:505954b662451663b30768d461d6881e47bb272f6bc64e4d297f5cf79b9000cb 29.36MB / 211.53MB 131.7s
#5 sha256:9d2f29087bcd6d99efd909a99095549425cd63e27c71b3bf37f108c6b7c370f9 45.09MB / 48.49MB 132.6s
#5 sha256:6cf051f1897bf7109af670b243c7791c62723fc1ebbfa516af2522da6c8c99a9 62.91MB / 64.40MB 135.6s
#5 sha256:505954b662451663b30768d461d6881e47bb272f6bc64e4d297f5cf79b9000cb 31.46MB / 211.53MB 136.9s
#5 sha256:9d2f29087bcd6d99efd909a99095549425cd63e27c71b3bf37f108c6b7c370f9 47.19MB / 48.49MB 137.7s
#5 sha256:6cf051f1897bf7109af670b243c7791c62723fc1ebbfa516af2522da6c8c99a9 64.40MB / 64.40MB 137.8s done
#5 sha256:fc696972ee168f8c0fda74937421afa1f74174fb7b92fc2e7457952bc2c85ce4 0B / 3.33kB 138.0s
#5 sha256:9d2f29087bcd6d99efd909a99095549425cd63e27c71b3bf37f108c6b7c370f9 48.49MB / 48.49MB 138.5s done
#5 sha256:37a9c0f04e9764654a76f94e4495dfb9b0bc55759635a2f718a412e0b64ea371 0B / 48.62MB 138.6s
#5 extracting sha256:9d2f29087bcd6d99efd909a99095549425cd63e27c71b3bf37f108c6b7c370f9
#5 sha256:fc696972ee168f8c0fda74937421afa1f74174fb7b92fc2e7457952bc2c85ce4 3.33kB / 3.33kB 139.2s done
#5 sha256:ba468facea84d496a5f44f7447a16bba62311b49fbd1ebfc24f111d9449822c8 0B / 1.25MB 139.3s
#5 sha256:505954b662451663b30768d461d6881e47bb272f6bc64e4d297f5cf79b9000cb 35.65MB / 211.53MB 142.0s
#5 sha256:ba468facea84d496a5f44f7447a16bba62311b49fbd1ebfc24f111d9449822c8 1.05MB / 1.25MB 143.1s
#5 sha256:37a9c0f04e9764654a76f94e4495dfb9b0bc55759635a2f718a412e0b64ea371 1.05MB / 48.62MB 143.6s
#5 extracting sha256:9d2f29087bcd6d99efd909a99095549425cd63e27c71b3bf37f108c6b7c370f9 5.1s done
#5 sha256:ba468facea84d496a5f44f7447a16bba62311b49fbd1ebfc24f111d9449822c8 1.25MB / 1.25MB 143.6s done
#5 sha256:83b3c9125d633249553bda5951068dae62502188829666829f9768c44d16f8f8 0B / 446B 143.7s
#5 extracting sha256:26fa3468d221545a43d2151f3977695a31857f9342ba842627d03c9fa1b2ae02
#5 sha256:83b3c9125d633249553bda5951068dae62502188829666829f9768c44d16f8f8 446B / 446B 144.4s done
#5 extracting sha256:26fa3468d221545a43d2151f3977695a31857f9342ba842627d03c9fa1b2ae02 1.8s done
#5 extracting sha256:6cf051f1897bf7109af670b243c7791c62723fc1ebbfa516af2522da6c8c99a9
#5 sha256:37a9c0f04e9764654a76f94e4495dfb9b0bc55759635a2f718a412e0b64ea371 4.19MB / 48.62MB 146.6s
#5 sha256:505954b662451663b30768d461d6881e47bb272f6bc64e4d297f5cf79b9000cb 36.70MB / 211.53MB 147.2s
#5 sha256:37a9c0f04e9764654a76f94e4495dfb9b0bc55759635a2f718a412e0b64ea371 7.34MB / 48.62MB 149.6s
#5 extracting sha256:6cf051f1897bf7109af670b243c7791c62723fc1ebbfa516af2522da6c8c99a9 5.1s
#5 sha256:505954b662451663b30768d461d6881e47bb272f6bc64e4d297f5cf79b9000cb 38.80MB / 211.53MB 152.2s
#5 extracting sha256:6cf051f1897bf7109af670b243c7791c62723fc1ebbfa516af2522da6c8c99a9 7.1s done
#5 sha256:37a9c0f04e9764654a76f94e4495dfb9b0bc55759635a2f718a412e0b64ea371 10.49MB / 48.62MB 153.3s
#5 sha256:505954b662451663b30768d461d6881e47bb272f6bc64e4d297f5cf79b9000cb 40.89MB / 211.53MB 157.2s
#5 sha256:37a9c0f04e9764654a76f94e4495dfb9b0bc55759635a2f718a412e0b64ea371 13.63MB / 48.62MB 157.9s
#5 sha256:505954b662451663b30768d461d6881e47bb272f6bc64e4d297f5cf79b9000cb 44.04MB / 211.53MB 162.3s
#5 sha256:37a9c0f04e9764654a76f94e4495dfb9b0bc55759635a2f718a412e0b64ea371 16.78MB / 48.62MB 162.7s
#5 sha256:505954b662451663b30768d461d6881e47bb272f6bc64e4d297f5cf79b9000cb 47.19MB / 211.53MB 167.4s
#5 sha256:37a9c0f04e9764654a76f94e4495dfb9b0bc55759635a2f718a412e0b64ea371 19.92MB / 48.62MB 167.9s
#5 sha256:505954b662451663b30768d461d6881e47bb272f6bc64e4d297f5cf79b9000cb 50.33MB / 211.53MB 172.5s
#5 sha256:37a9c0f04e9764654a76f94e4495dfb9b0bc55759635a2f718a412e0b64ea371 23.07MB / 48.62MB 172.8s
#5 sha256:505954b662451663b30768d461d6881e47bb272f6bc64e4d297f5cf79b9000cb 53.48MB / 211.53MB 177.6s
#5 sha256:37a9c0f04e9764654a76f94e4495dfb9b0bc55759635a2f718a412e0b64ea371 25.17MB / 48.62MB 177.9s
#5 sha256:37a9c0f04e9764654a76f94e4495dfb9b0bc55759635a2f718a412e0b64ea371 28.31MB / 48.62MB 182.0s
#5 sha256:505954b662451663b30768d461d6881e47bb272f6bc64e4d297f5cf79b9000cb 57.67MB / 211.53MB 182.7s
#5 sha256:37a9c0f04e9764654a76f94e4495dfb9b0bc55759635a2f718a412e0b64ea371 30.41MB / 48.62MB 187.2s
#5 sha256:505954b662451663b30768d461d6881e47bb272f6bc64e4d297f5cf79b9000cb 60.82MB / 211.53MB 187.7s
#5 sha256:37a9c0f04e9764654a76f94e4495dfb9b0bc55759635a2f718a412e0b64ea371 33.55MB / 48.62MB 190.7s
#5 sha256:505954b662451663b30768d461d6881e47bb272f6bc64e4d297f5cf79b9000cb 63.96MB / 211.53MB 192.9s
#5 sha256:37a9c0f04e9764654a76f94e4495dfb9b0bc55759635a2f718a412e0b64ea371 36.70MB / 48.62MB 195.7s
#5 sha256:505954b662451663b30768d461d6881e47bb272f6bc64e4d297f5cf79b9000cb 67.11MB / 211.53MB 198.0s
#5 sha256:37a9c0f04e9764654a76f94e4495dfb9b0bc55759635a2f718a412e0b64ea371 39.85MB / 48.62MB 200.3s
#5 sha256:505954b662451663b30768d461d6881e47bb272f6bc64e4d297f5cf79b9000cb 70.25MB / 211.53MB 203.1s
#5 sha256:37a9c0f04e9764654a76f94e4495dfb9b0bc55759635a2f718a412e0b64ea371 42.99MB / 48.62MB 204.7s
#5 sha256:505954b662451663b30768d461d6881e47bb272f6bc64e4d297f5cf79b9000cb 72.35MB / 211.53MB 208.2s
#5 sha256:37a9c0f04e9764654a76f94e4495dfb9b0bc55759635a2f718a412e0b64ea371 46.14MB / 48.62MB 209.3s
#5 sha256:37a9c0f04e9764654a76f94e4495dfb9b0bc55759635a2f718a412e0b64ea371 48.62MB / 48.62MB 212.7s done
#5 sha256:505954b662451663b30768d461d6881e47bb272f6bc64e4d297f5cf79b9000cb 75.50MB / 211.53MB 213.4s
#5 sha256:505954b662451663b30768d461d6881e47bb272f6bc64e4d297f5cf79b9000cb 81.79MB / 211.53MB 218.5s
#5 sha256:505954b662451663b30768d461d6881e47bb272f6bc64e4d297f5cf79b9000cb 88.08MB / 211.53MB 223.5s
#5 sha256:505954b662451663b30768d461d6881e47bb272f6bc64e4d297f5cf79b9000cb 94.37MB / 211.53MB 228.7s
#5 sha256:505954b662451663b30768d461d6881e47bb272f6bc64e4d297f5cf79b9000cb 100.66MB / 211.53MB 233.8s
#5 sha256:505954b662451663b30768d461d6881e47bb272f6bc64e4d297f5cf79b9000cb 106.95MB / 211.53MB 238.8s
#5 sha256:505954b662451663b30768d461d6881e47bb272f6bc64e4d297f5cf79b9000cb 112.20MB / 211.53MB 243.8s
#5 sha256:505954b662451663b30768d461d6881e47bb272f6bc64e4d297f5cf79b9000cb 118.49MB / 211.53MB 248.9s
#5 sha256:505954b662451663b30768d461d6881e47bb272f6bc64e4d297f5cf79b9000cb 124.78MB / 211.53MB 254.0s
#5 sha256:505954b662451663b30768d461d6881e47bb272f6bc64e4d297f5cf79b9000cb 131.07MB / 211.53MB 259.1s
#5 sha256:505954b662451663b30768d461d6881e47bb272f6bc64e4d297f5cf79b9000cb 137.36MB / 211.53MB 264.2s
#5 sha256:505954b662451663b30768d461d6881e47bb272f6bc64e4d297f5cf79b9000cb 143.65MB / 211.53MB 269.3s
#5 sha256:505954b662451663b30768d461d6881e47bb272f6bc64e4d297f5cf79b9000cb 149.95MB / 211.53MB 274.4s
#5 sha256:505954b662451663b30768d461d6881e47bb272f6bc64e4d297f5cf79b9000cb 155.19MB / 211.53MB 279.5s
#5 sha256:505954b662451663b30768d461d6881e47bb272f6bc64e4d297f5cf79b9000cb 161.48MB / 211.53MB 284.6s
#5 sha256:505954b662451663b30768d461d6881e47bb272f6bc64e4d297f5cf79b9000cb 167.77MB / 211.53MB 289.7s
#5 sha256:505954b662451663b30768d461d6881e47bb272f6bc64e4d297f5cf79b9000cb 174.06MB / 211.53MB 294.9s
#5 sha256:505954b662451663b30768d461d6881e47bb272f6bc64e4d297f5cf79b9000cb 180.36MB / 211.53MB 299.9s
#5 sha256:505954b662451663b30768d461d6881e47bb272f6bc64e4d297f5cf79b9000cb 186.65MB / 211.53MB 304.9s
#5 sha256:505954b662451663b30768d461d6881e47bb272f6bc64e4d297f5cf79b9000cb 191.89MB / 211.53MB 310.0s
#5 sha256:505954b662451663b30768d461d6881e47bb272f6bc64e4d297f5cf79b9000cb 198.18MB / 211.53MB 315.1s
#5 sha256:505954b662451663b30768d461d6881e47bb272f6bc64e4d297f5cf79b9000cb 204.47MB / 211.53MB 320.1s
#5 sha256:505954b662451663b30768d461d6881e47bb272f6bc64e4d297f5cf79b9000cb 210.76MB / 211.53MB 325.2s
#5 sha256:505954b662451663b30768d461d6881e47bb272f6bc64e4d297f5cf79b9000cb 211.53MB / 211.53MB 325.7s done
#5 extracting sha256:505954b662451663b30768d461d6881e47bb272f6bc64e4d297f5cf79b9000cb
#5 extracting sha256:505954b662451663b30768d461d6881e47bb272f6bc64e4d297f5cf79b9000cb 5.0s
#5 extracting sha256:505954b662451663b30768d461d6881e47bb272f6bc64e4d297f5cf79b9000cb 10.1s
#5 extracting sha256:505954b662451663b30768d461d6881e47bb272f6bc64e4d297f5cf79b9000cb 15.2s
#5 extracting sha256:505954b662451663b30768d461d6881e47bb272f6bc64e4d297f5cf79b9000cb 18.3s done
#5 extracting sha256:fc696972ee168f8c0fda74937421afa1f74174fb7b92fc2e7457952bc2c85ce4
#5 extracting sha256:fc696972ee168f8c0fda74937421afa1f74174fb7b92fc2e7457952bc2c85ce4 0.0s done
#5 extracting sha256:37a9c0f04e9764654a76f94e4495dfb9b0bc55759635a2f718a412e0b64ea371 0.1s
#5 extracting sha256:37a9c0f04e9764654a76f94e4495dfb9b0bc55759635a2f718a412e0b64ea371 5.2s done
#5 extracting sha256:ba468facea84d496a5f44f7447a16bba62311b49fbd1ebfc24f111d9449822c8 0.1s
#5 extracting sha256:ba468facea84d496a5f44f7447a16bba62311b49fbd1ebfc24f111d9449822c8 0.1s done
#5 extracting sha256:83b3c9125d633249553bda5951068dae62502188829666829f9768c44d16f8f8
#5 extracting sha256:83b3c9125d633249553bda5951068dae62502188829666829f9768c44d16f8f8 0.0s done
#5 DONE 350.8s

#6 [2/4] WORKDIR /workspace
#6 DONE 0.0s

#7 [3/4] COPY . .
#7 DONE 0.0s

#8 [4/4] RUN npm install
#8 4.453 
#8 4.453 added 68 packages, and audited 69 packages in 4s
#8 4.453 
#8 4.453 15 packages are looking for funding
#8 4.453   run `npm fund` for details
#8 4.455 
#8 4.455 found 0 vulnerabilities
#8 4.458 npm notice
#8 4.458 npm notice New major version of npm available! 10.8.2 -> 11.12.1
#8 4.458 npm notice Changelog: https://github.com/npm/cli/releases/tag/v11.12.1
#8 4.458 npm notice To update run: npm install -g npm@11.12.1
#8 4.458 npm notice
#8 DONE 4.6s

#9 exporting to image
#9 exporting layers
#9 exporting layers 2.5s done
#9 writing image sha256:7605c71bf74ee7db046db2e993faad74408a21ab534cb3f06afd526b516c0d02 done
#9 naming to docker.io/library/clircel-deployment-e47a8c84-87fa-4dec-b2bb-daf8add1fd28 done
#9 DONE 2.5s