#0 building with "default" instance using docker driver

#1 [internal] load build definition from .clircel.Dockerfile
#1 transferring dockerfile: 157B done
#1 DONE 0.0s

#2 [internal] load metadata for docker.io/library/node:20-bookworm
#2 DONE 3.2s

#3 [internal] load .dockerignore
#3 transferring context: 2B done
#3 DONE 0.0s

#4 [1/4] FROM docker.io/library/node:20-bookworm@sha256:a4545fc6f4f1483384ad5f4c71d34d71781c3779da407173ec6058079a718520
#4 resolve docker.io/library/node:20-bookworm@sha256:a4545fc6f4f1483384ad5f4c71d34d71781c3779da407173ec6058079a718520 0.0s done
#4 ...

#5 [internal] load build context
#5 transferring context: 33.79kB 0.0s done
#5 DONE 0.1s

#4 [1/4] FROM docker.io/library/node:20-bookworm@sha256:a4545fc6f4f1483384ad5f4c71d34d71781c3779da407173ec6058079a718520
#4 sha256:dd1c3ce3898e07d038bed022bcb90bb90f0b35d2b760b6a49500446607b9802a 6.75kB / 6.75kB done
#4 sha256:9d2f29087bcd6d99efd909a99095549425cd63e27c71b3bf37f108c6b7c370f9 0B / 48.49MB 0.2s
#4 sha256:a4545fc6f4f1483384ad5f4c71d34d71781c3779da407173ec6058079a718520 6.41kB / 6.41kB done
#4 sha256:8513fb1b8753221b19fd3f8e37af10466b794170ac3c630530c0af13ebdda56b 2.49kB / 2.49kB done
#4 sha256:26fa3468d221545a43d2151f3977695a31857f9342ba842627d03c9fa1b2ae02 0B / 24.04MB 0.2s
#4 sha256:6cf051f1897bf7109af670b243c7791c62723fc1ebbfa516af2522da6c8c99a9 0B / 64.40MB 0.2s
#4 sha256:9d2f29087bcd6d99efd909a99095549425cd63e27c71b3bf37f108c6b7c370f9 1.05MB / 48.49MB 5.3s
#4 sha256:26fa3468d221545a43d2151f3977695a31857f9342ba842627d03c9fa1b2ae02 1.05MB / 24.04MB 5.3s
#4 sha256:6cf051f1897bf7109af670b243c7791c62723fc1ebbfa516af2522da6c8c99a9 1.05MB / 64.40MB 5.3s
#4 sha256:9d2f29087bcd6d99efd909a99095549425cd63e27c71b3bf37f108c6b7c370f9 4.19MB / 48.49MB 8.3s
#4 sha256:26fa3468d221545a43d2151f3977695a31857f9342ba842627d03c9fa1b2ae02 2.10MB / 24.04MB 10.4s
#4 sha256:6cf051f1897bf7109af670b243c7791c62723fc1ebbfa516af2522da6c8c99a9 2.10MB / 64.40MB 10.4s
#4 sha256:9d2f29087bcd6d99efd909a99095549425cd63e27c71b3bf37f108c6b7c370f9 7.34MB / 48.49MB 12.8s
#4 sha256:26fa3468d221545a43d2151f3977695a31857f9342ba842627d03c9fa1b2ae02 3.15MB / 24.04MB 15.6s
#4 sha256:6cf051f1897bf7109af670b243c7791c62723fc1ebbfa516af2522da6c8c99a9 3.15MB / 64.40MB 15.6s
#4 sha256:9d2f29087bcd6d99efd909a99095549425cd63e27c71b3bf37f108c6b7c370f9 10.49MB / 48.49MB 17.9s
#4 sha256:26fa3468d221545a43d2151f3977695a31857f9342ba842627d03c9fa1b2ae02 5.24MB / 24.04MB 19.6s
#4 sha256:6cf051f1897bf7109af670b243c7791c62723fc1ebbfa516af2522da6c8c99a9 4.19MB / 64.40MB 20.8s
#4 sha256:9d2f29087bcd6d99efd909a99095549425cd63e27c71b3bf37f108c6b7c370f9 12.58MB / 48.49MB 22.9s
#4 sha256:26fa3468d221545a43d2151f3977695a31857f9342ba842627d03c9fa1b2ae02 6.29MB / 24.04MB 24.8s
#4 sha256:6cf051f1897bf7109af670b243c7791c62723fc1ebbfa516af2522da6c8c99a9 5.24MB / 64.40MB 25.8s
#4 sha256:9d2f29087bcd6d99efd909a99095549425cd63e27c71b3bf37f108c6b7c370f9 13.63MB / 48.49MB 28.0s
#4 sha256:26fa3468d221545a43d2151f3977695a31857f9342ba842627d03c9fa1b2ae02 7.34MB / 24.04MB 29.8s
#4 sha256:6cf051f1897bf7109af670b243c7791c62723fc1ebbfa516af2522da6c8c99a9 6.29MB / 64.40MB 30.8s
#4 sha256:9d2f29087bcd6d99efd909a99095549425cd63e27c71b3bf37f108c6b7c370f9 16.78MB / 48.49MB 32.6s
#4 sha256:26fa3468d221545a43d2151f3977695a31857f9342ba842627d03c9fa1b2ae02 9.44MB / 24.04MB 34.4s
#4 sha256:6cf051f1897bf7109af670b243c7791c62723fc1ebbfa516af2522da6c8c99a9 8.39MB / 64.40MB 35.9s
#4 sha256:9d2f29087bcd6d99efd909a99095549425cd63e27c71b3bf37f108c6b7c370f9 18.87MB / 48.49MB 37.8s
#4 sha256:26fa3468d221545a43d2151f3977695a31857f9342ba842627d03c9fa1b2ae02 10.49MB / 24.04MB 39.5s
#4 sha256:6cf051f1897bf7109af670b243c7791c62723fc1ebbfa516af2522da6c8c99a9 10.49MB / 64.40MB 41.0s
#4 sha256:9d2f29087bcd6d99efd909a99095549425cd63e27c71b3bf37f108c6b7c370f9 20.97MB / 48.49MB 42.9s
#4 sha256:26fa3468d221545a43d2151f3977695a31857f9342ba842627d03c9fa1b2ae02 12.58MB / 24.04MB 42.9s
#4 sha256:6cf051f1897bf7109af670b243c7791c62723fc1ebbfa516af2522da6c8c99a9 11.53MB / 64.40MB 46.1s
#4 sha256:9d2f29087bcd6d99efd909a99095549425cd63e27c71b3bf37f108c6b7c370f9 24.12MB / 48.49MB 47.3s
#4 sha256:26fa3468d221545a43d2151f3977695a31857f9342ba842627d03c9fa1b2ae02 13.63MB / 24.04MB 48.0s
#4 sha256:26fa3468d221545a43d2151f3977695a31857f9342ba842627d03c9fa1b2ae02 15.73MB / 24.04MB 50.5s
#4 sha256:6cf051f1897bf7109af670b243c7791c62723fc1ebbfa516af2522da6c8c99a9 13.63MB / 64.40MB 51.1s
#4 sha256:9d2f29087bcd6d99efd909a99095549425cd63e27c71b3bf37f108c6b7c370f9 26.21MB / 48.49MB 52.4s
#4 sha256:26fa3468d221545a43d2151f3977695a31857f9342ba842627d03c9fa1b2ae02 17.83MB / 24.04MB 55.6s
#4 sha256:6cf051f1897bf7109af670b243c7791c62723fc1ebbfa516af2522da6c8c99a9 15.73MB / 64.40MB 56.3s
#4 sha256:9d2f29087bcd6d99efd909a99095549425cd63e27c71b3bf37f108c6b7c370f9 28.31MB / 48.49MB 57.6s
#4 sha256:26fa3468d221545a43d2151f3977695a31857f9342ba842627d03c9fa1b2ae02 18.87MB / 24.04MB 60.6s
#4 sha256:6cf051f1897bf7109af670b243c7791c62723fc1ebbfa516af2522da6c8c99a9 17.83MB / 64.40MB 61.4s
#4 sha256:9d2f29087bcd6d99efd909a99095549425cd63e27c71b3bf37f108c6b7c370f9 31.46MB / 48.49MB 62.4s
#4 sha256:26fa3468d221545a43d2151f3977695a31857f9342ba842627d03c9fa1b2ae02 20.97MB / 24.04MB 63.3s
#4 sha256:6cf051f1897bf7109af670b243c7791c62723fc1ebbfa516af2522da6c8c99a9 19.92MB / 64.40MB 66.4s
#4 sha256:9d2f29087bcd6d99efd909a99095549425cd63e27c71b3bf37f108c6b7c370f9 33.55MB / 48.49MB 67.5s
#4 sha256:26fa3468d221545a43d2151f3977695a31857f9342ba842627d03c9fa1b2ae02 22.02MB / 24.04MB 68.5s
#4 sha256:26fa3468d221545a43d2151f3977695a31857f9342ba842627d03c9fa1b2ae02 24.04MB / 24.04MB 71.1s done
#4 sha256:505954b662451663b30768d461d6881e47bb272f6bc64e4d297f5cf79b9000cb 0B / 211.53MB 71.1s
#4 sha256:6cf051f1897bf7109af670b243c7791c62723fc1ebbfa516af2522da6c8c99a9 20.97MB / 64.40MB 71.5s
#4 sha256:9d2f29087bcd6d99efd909a99095549425cd63e27c71b3bf37f108c6b7c370f9 36.70MB / 48.49MB 72.2s
#4 sha256:505954b662451663b30768d461d6881e47bb272f6bc64e4d297f5cf79b9000cb 1.05MB / 211.53MB 76.2s
#4 sha256:6cf051f1897bf7109af670b243c7791c62723fc1ebbfa516af2522da6c8c99a9 23.07MB / 64.40MB 76.6s
#4 sha256:9d2f29087bcd6d99efd909a99095549425cd63e27c71b3bf37f108c6b7c370f9 38.80MB / 48.49MB 77.3s
#4 sha256:505954b662451663b30768d461d6881e47bb272f6bc64e4d297f5cf79b9000cb 3.15MB / 211.53MB 81.3s
#4 sha256:6cf051f1897bf7109af670b243c7791c62723fc1ebbfa516af2522da6c8c99a9 26.21MB / 64.40MB 81.8s
#4 sha256:9d2f29087bcd6d99efd909a99095549425cd63e27c71b3bf37f108c6b7c370f9 40.89MB / 48.49MB 82.4s
#4 sha256:505954b662451663b30768d461d6881e47bb272f6bc64e4d297f5cf79b9000cb 5.24MB / 211.53MB 86.5s
#4 sha256:6cf051f1897bf7109af670b243c7791c62723fc1ebbfa516af2522da6c8c99a9 27.26MB / 64.40MB 86.9s
#4 sha256:9d2f29087bcd6d99efd909a99095549425cd63e27c71b3bf37f108c6b7c370f9 42.99MB / 48.49MB 87.4s
#4 sha256:505954b662451663b30768d461d6881e47bb272f6bc64e4d297f5cf79b9000cb 7.34MB / 211.53MB 91.6s
#4 sha256:6cf051f1897bf7109af670b243c7791c62723fc1ebbfa516af2522da6c8c99a9 29.36MB / 64.40MB 91.9s
#4 sha256:9d2f29087bcd6d99efd909a99095549425cd63e27c71b3bf37f108c6b7c370f9 45.09MB / 48.49MB 92.4s
#4 sha256:505954b662451663b30768d461d6881e47bb272f6bc64e4d297f5cf79b9000cb 9.44MB / 211.53MB 96.7s
#4 sha256:6cf051f1897bf7109af670b243c7791c62723fc1ebbfa516af2522da6c8c99a9 31.46MB / 64.40MB 97.0s
#4 sha256:9d2f29087bcd6d99efd909a99095549425cd63e27c71b3bf37f108c6b7c370f9 47.19MB / 48.49MB 97.5s
#4 sha256:9d2f29087bcd6d99efd909a99095549425cd63e27c71b3bf37f108c6b7c370f9 48.49MB / 48.49MB 99.2s done
#4 sha256:fc696972ee168f8c0fda74937421afa1f74174fb7b92fc2e7457952bc2c85ce4 0B / 3.33kB 99.2s
#4 extracting sha256:9d2f29087bcd6d99efd909a99095549425cd63e27c71b3bf37f108c6b7c370f9
#4 sha256:fc696972ee168f8c0fda74937421afa1f74174fb7b92fc2e7457952bc2c85ce4 3.33kB / 3.33kB 99.9s done
#4 sha256:37a9c0f04e9764654a76f94e4495dfb9b0bc55759635a2f718a412e0b64ea371 0B / 48.62MB 100.0s
#4 sha256:505954b662451663b30768d461d6881e47bb272f6bc64e4d297f5cf79b9000cb 11.53MB / 211.53MB 101.9s
#4 sha256:6cf051f1897bf7109af670b243c7791c62723fc1ebbfa516af2522da6c8c99a9 34.60MB / 64.40MB 102.1s
#4 extracting sha256:9d2f29087bcd6d99efd909a99095549425cd63e27c71b3bf37f108c6b7c370f9 5.1s done
#4 extracting sha256:26fa3468d221545a43d2151f3977695a31857f9342ba842627d03c9fa1b2ae02
#4 sha256:37a9c0f04e9764654a76f94e4495dfb9b0bc55759635a2f718a412e0b64ea371 1.05MB / 48.62MB 105.0s
#4 extracting sha256:26fa3468d221545a43d2151f3977695a31857f9342ba842627d03c9fa1b2ae02 1.7s done
#4 sha256:505954b662451663b30768d461d6881e47bb272f6bc64e4d297f5cf79b9000cb 14.68MB / 211.53MB 106.9s
#4 sha256:6cf051f1897bf7109af670b243c7791c62723fc1ebbfa516af2522da6c8c99a9 36.70MB / 64.40MB 107.2s
#4 sha256:37a9c0f04e9764654a76f94e4495dfb9b0bc55759635a2f718a412e0b64ea371 3.15MB / 48.62MB 110.1s
#4 sha256:505954b662451663b30768d461d6881e47bb272f6bc64e4d297f5cf79b9000cb 16.78MB / 211.53MB 112.1s
#4 sha256:6cf051f1897bf7109af670b243c7791c62723fc1ebbfa516af2522da6c8c99a9 38.80MB / 64.40MB 112.3s
#4 sha256:37a9c0f04e9764654a76f94e4495dfb9b0bc55759635a2f718a412e0b64ea371 6.29MB / 48.62MB 114.7s
#4 sha256:505954b662451663b30768d461d6881e47bb272f6bc64e4d297f5cf79b9000cb 17.83MB / 211.53MB 117.2s
#4 sha256:6cf051f1897bf7109af670b243c7791c62723fc1ebbfa516af2522da6c8c99a9 40.89MB / 64.40MB 117.3s
#4 sha256:37a9c0f04e9764654a76f94e4495dfb9b0bc55759635a2f718a412e0b64ea371 8.39MB / 48.62MB 119.9s
#4 sha256:505954b662451663b30768d461d6881e47bb272f6bc64e4d297f5cf79b9000cb 19.92MB / 211.53MB 122.2s
#4 sha256:6cf051f1897bf7109af670b243c7791c62723fc1ebbfa516af2522da6c8c99a9 42.99MB / 64.40MB 122.4s
#4 sha256:37a9c0f04e9764654a76f94e4495dfb9b0bc55759635a2f718a412e0b64ea371 10.49MB / 48.62MB 125.1s
#4 sha256:505954b662451663b30768d461d6881e47bb272f6bc64e4d297f5cf79b9000cb 22.02MB / 211.53MB 127.3s
#4 sha256:6cf051f1897bf7109af670b243c7791c62723fc1ebbfa516af2522da6c8c99a9 45.09MB / 64.40MB 127.5s
#4 sha256:37a9c0f04e9764654a76f94e4495dfb9b0bc55759635a2f718a412e0b64ea371 12.58MB / 48.62MB 130.1s
#4 sha256:505954b662451663b30768d461d6881e47bb272f6bc64e4d297f5cf79b9000cb 24.12MB / 211.53MB 132.3s
#4 sha256:6cf051f1897bf7109af670b243c7791c62723fc1ebbfa516af2522da6c8c99a9 47.19MB / 64.40MB 132.6s
#4 sha256:37a9c0f04e9764654a76f94e4495dfb9b0bc55759635a2f718a412e0b64ea371 14.68MB / 48.62MB 135.2s
#4 sha256:505954b662451663b30768d461d6881e47bb272f6bc64e4d297f5cf79b9000cb 26.21MB / 211.53MB 137.4s
#4 sha256:6cf051f1897bf7109af670b243c7791c62723fc1ebbfa516af2522da6c8c99a9 49.28MB / 64.40MB 137.6s
#4 CANCELED
ERROR: failed to build: failed to solve: Canceled: context canceled