#0 building with "default" instance using docker driver

#1 [internal] load build definition from .clircel.Dockerfile
#1 transferring dockerfile: 157B done
#1 DONE 0.0s

#2 [internal] load metadata for docker.io/library/node:20-bookworm
#2 DONE 0.9s

#3 [internal] load .dockerignore
#3 transferring context: 2B done
#3 DONE 0.0s

#4 [internal] load build context
#4 transferring context: 33.79kB 0.0s done
#4 DONE 0.0s

#5 [1/4] FROM docker.io/library/node:20-bookworm@sha256:a4545fc6f4f1483384ad5f4c71d34d71781c3779da407173ec6058079a718520
#5 resolve docker.io/library/node:20-bookworm@sha256:a4545fc6f4f1483384ad5f4c71d34d71781c3779da407173ec6058079a718520 0.0s done
#5 sha256:a4545fc6f4f1483384ad5f4c71d34d71781c3779da407173ec6058079a718520 6.41kB / 6.41kB done
#5 sha256:8513fb1b8753221b19fd3f8e37af10466b794170ac3c630530c0af13ebdda56b 2.49kB / 2.49kB done
#5 sha256:dd1c3ce3898e07d038bed022bcb90bb90f0b35d2b760b6a49500446607b9802a 6.75kB / 6.75kB done
#5 sha256:6cf051f1897bf7109af670b243c7791c62723fc1ebbfa516af2522da6c8c99a9 0B / 64.40MB 0.1s
#5 sha256:9d2f29087bcd6d99efd909a99095549425cd63e27c71b3bf37f108c6b7c370f9 0B / 48.49MB 0.1s
#5 sha256:26fa3468d221545a43d2151f3977695a31857f9342ba842627d03c9fa1b2ae02 0B / 24.04MB 0.1s
#5 sha256:6cf051f1897bf7109af670b243c7791c62723fc1ebbfa516af2522da6c8c99a9 1.05MB / 64.40MB 5.2s
#5 sha256:9d2f29087bcd6d99efd909a99095549425cd63e27c71b3bf37f108c6b7c370f9 1.05MB / 48.49MB 5.2s
#5 sha256:26fa3468d221545a43d2151f3977695a31857f9342ba842627d03c9fa1b2ae02 1.05MB / 24.04MB 5.2s
#5 sha256:26fa3468d221545a43d2151f3977695a31857f9342ba842627d03c9fa1b2ae02 3.15MB / 24.04MB 8.4s
#5 sha256:6cf051f1897bf7109af670b243c7791c62723fc1ebbfa516af2522da6c8c99a9 3.15MB / 64.40MB 10.3s
#5 sha256:9d2f29087bcd6d99efd909a99095549425cd63e27c71b3bf37f108c6b7c370f9 3.15MB / 48.49MB 10.3s
#5 sha256:26fa3468d221545a43d2151f3977695a31857f9342ba842627d03c9fa1b2ae02 5.24MB / 24.04MB 12.3s
#5 sha256:6cf051f1897bf7109af670b243c7791c62723fc1ebbfa516af2522da6c8c99a9 5.24MB / 64.40MB 15.4s
#5 sha256:9d2f29087bcd6d99efd909a99095549425cd63e27c71b3bf37f108c6b7c370f9 5.24MB / 48.49MB 15.4s
#5 sha256:26fa3468d221545a43d2151f3977695a31857f9342ba842627d03c9fa1b2ae02 6.29MB / 24.04MB 17.4s
#5 sha256:26fa3468d221545a43d2151f3977695a31857f9342ba842627d03c9fa1b2ae02 8.39MB / 24.04MB 20.3s
#5 sha256:6cf051f1897bf7109af670b243c7791c62723fc1ebbfa516af2522da6c8c99a9 7.34MB / 64.40MB 20.4s
#5 sha256:9d2f29087bcd6d99efd909a99095549425cd63e27c71b3bf37f108c6b7c370f9 7.34MB / 48.49MB 20.4s
#5 sha256:26fa3468d221545a43d2151f3977695a31857f9342ba842627d03c9fa1b2ae02 9.44MB / 24.04MB 25.4s
#5 sha256:6cf051f1897bf7109af670b243c7791c62723fc1ebbfa516af2522da6c8c99a9 10.49MB / 64.40MB 25.5s
#5 sha256:9d2f29087bcd6d99efd909a99095549425cd63e27c71b3bf37f108c6b7c370f9 8.39MB / 48.49MB 25.5s
#5 sha256:26fa3468d221545a43d2151f3977695a31857f9342ba842627d03c9fa1b2ae02 11.53MB / 24.04MB 28.3s
#5 sha256:9d2f29087bcd6d99efd909a99095549425cd63e27c71b3bf37f108c6b7c370f9 11.53MB / 48.49MB 30.3s
#5 sha256:6cf051f1897bf7109af670b243c7791c62723fc1ebbfa516af2522da6c8c99a9 11.53MB / 64.40MB 30.7s
#5 sha256:26fa3468d221545a43d2151f3977695a31857f9342ba842627d03c9fa1b2ae02 13.63MB / 24.04MB 33.2s
#5 sha256:9d2f29087bcd6d99efd909a99095549425cd63e27c71b3bf37f108c6b7c370f9 13.63MB / 48.49MB 35.4s
#5 sha256:6cf051f1897bf7109af670b243c7791c62723fc1ebbfa516af2522da6c8c99a9 13.63MB / 64.40MB 35.7s
#5 sha256:26fa3468d221545a43d2151f3977695a31857f9342ba842627d03c9fa1b2ae02 14.68MB / 24.04MB 38.3s
#5 sha256:9d2f29087bcd6d99efd909a99095549425cd63e27c71b3bf37f108c6b7c370f9 15.73MB / 48.49MB 40.6s
#5 sha256:6cf051f1897bf7109af670b243c7791c62723fc1ebbfa516af2522da6c8c99a9 15.73MB / 64.40MB 40.7s
#5 sha256:26fa3468d221545a43d2151f3977695a31857f9342ba842627d03c9fa1b2ae02 16.78MB / 24.04MB 41.4s
#5 sha256:9d2f29087bcd6d99efd909a99095549425cd63e27c71b3bf37f108c6b7c370f9 17.83MB / 48.49MB 45.6s
#5 sha256:6cf051f1897bf7109af670b243c7791c62723fc1ebbfa516af2522da6c8c99a9 17.83MB / 64.40MB 45.7s
#5 sha256:26fa3468d221545a43d2151f3977695a31857f9342ba842627d03c9fa1b2ae02 17.83MB / 24.04MB 46.4s
#5 sha256:26fa3468d221545a43d2151f3977695a31857f9342ba842627d03c9fa1b2ae02 19.92MB / 24.04MB 49.9s
#5 sha256:9d2f29087bcd6d99efd909a99095549425cd63e27c71b3bf37f108c6b7c370f9 19.92MB / 48.49MB 50.7s
#5 sha256:6cf051f1897bf7109af670b243c7791c62723fc1ebbfa516af2522da6c8c99a9 19.92MB / 64.40MB 50.9s
#5 sha256:26fa3468d221545a43d2151f3977695a31857f9342ba842627d03c9fa1b2ae02 20.97MB / 24.04MB 55.0s
#5 sha256:9d2f29087bcd6d99efd909a99095549425cd63e27c71b3bf37f108c6b7c370f9 23.07MB / 48.49MB 55.6s
#5 sha256:6cf051f1897bf7109af670b243c7791c62723fc1ebbfa516af2522da6c8c99a9 22.02MB / 64.40MB 56.0s
#5 sha256:26fa3468d221545a43d2151f3977695a31857f9342ba842627d03c9fa1b2ae02 23.07MB / 24.04MB 58.7s
#5 sha256:9d2f29087bcd6d99efd909a99095549425cd63e27c71b3bf37f108c6b7c370f9 25.17MB / 48.49MB 60.7s
#5 sha256:6cf051f1897bf7109af670b243c7791c62723fc1ebbfa516af2522da6c8c99a9 24.12MB / 64.40MB 61.0s
#5 sha256:26fa3468d221545a43d2151f3977695a31857f9342ba842627d03c9fa1b2ae02 24.04MB / 24.04MB 61.1s done
#5 sha256:505954b662451663b30768d461d6881e47bb272f6bc64e4d297f5cf79b9000cb 0B / 211.53MB 61.2s
#5 sha256:9d2f29087bcd6d99efd909a99095549425cd63e27c71b3bf37f108c6b7c370f9 27.26MB / 48.49MB 65.9s
#5 sha256:6cf051f1897bf7109af670b243c7791c62723fc1ebbfa516af2522da6c8c99a9 26.21MB / 64.40MB 66.1s
#5 sha256:505954b662451663b30768d461d6881e47bb272f6bc64e4d297f5cf79b9000cb 1.05MB / 211.53MB 66.3s
#5 sha256:9d2f29087bcd6d99efd909a99095549425cd63e27c71b3bf37f108c6b7c370f9 29.36MB / 48.49MB 71.0s
#5 sha256:6cf051f1897bf7109af670b243c7791c62723fc1ebbfa516af2522da6c8c99a9 27.26MB / 64.40MB 71.3s
#5 sha256:505954b662451663b30768d461d6881e47bb272f6bc64e4d297f5cf79b9000cb 5.24MB / 211.53MB 71.5s
#5 sha256:9d2f29087bcd6d99efd909a99095549425cd63e27c71b3bf37f108c6b7c370f9 30.41MB / 48.49MB 76.0s
#5 sha256:6cf051f1897bf7109af670b243c7791c62723fc1ebbfa516af2522da6c8c99a9 29.36MB / 64.40MB 76.3s
#5 sha256:505954b662451663b30768d461d6881e47bb272f6bc64e4d297f5cf79b9000cb 8.39MB / 211.53MB 76.6s
#5 sha256:9d2f29087bcd6d99efd909a99095549425cd63e27c71b3bf37f108c6b7c370f9 32.51MB / 48.49MB 81.1s
#5 sha256:6cf051f1897bf7109af670b243c7791c62723fc1ebbfa516af2522da6c8c99a9 30.41MB / 64.40MB 81.5s
#5 sha256:505954b662451663b30768d461d6881e47bb272f6bc64e4d297f5cf79b9000cb 10.49MB / 211.53MB 81.6s
#5 CANCELED
ERROR: failed to build: failed to solve: Canceled: context canceled